

[16:54:48] [DISCONNECTED] [ADD_SLAVE] [SUCCESS] MA GOSH1
[16:54:48] [DISCONNECTED] [ADD_SLAVE] [SUCCESS] MA GOSH2
[16:54:48] [DISCONNECTED] [ADD_SLAVE] [SUCCESS] MA GOSH3


[16:54:48] [DISCONNECTED] [ADD_SLAVE] [SUCCESS] MA GOSH1
[16:54:48] [DISCONNECTED] [ADD_SLAVE] [SUCCESS] MA GOSH2
[16:54:48] [DISCONNECTED] [ADD_SLAVE] [SUCCESS] MA GOSH3


[16:57:28] [DISCONNECTED] [ADD_SLAVE] [SUCCESS] MA GOSH1
[16:57:28] [DISCONNECTED] [ADD_SLAVE] [SUCCESS] MA GOSH2
[16:57:28] [DISCONNECTED] [ADD_SLAVE] [SUCCESS] MA GOSH3


[16:57:28] [DISCONNECTED] [ADD_SLAVE] [SUCCESS] MA GOSH1
[16:57:28] [DISCONNECTED] [ADD_SLAVE] [SUCCESS] MA GOSH2
[16:57:28] [DISCONNECTED] [ADD_SLAVE] [SUCCESS] MA GOSH3


[16:57:38] [DISCONNECTED] [ADD_SLAVE] [SUCCESS] MA GOSH1
[16:57:38] [DISCONNECTED] [ADD_SLAVE] [SUCCESS] MA GOSH2
[16:57:38] [DISCONNECTED] [ADD_SLAVE] [SUCCESS] MA GOSH3


[16:57:38] [DISCONNECTED] [ADD_SLAVE] [SUCCESS] MA GOSH1
[16:57:38] [DISCONNECTED] [ADD_SLAVE] [SUCCESS] MA GOSH2
[16:57:38] [DISCONNECTED] [ADD_SLAVE] [SUCCESS] MA GOSH3
